cola
canned_haggis
cola
canned_haggis
cigarettes
cola
canned_haggis
cigarettes
beer
whiskey
